0 verbose cli /data/data/com.termux/files/usr/bin/node /data/data/com.termux/files/usr/lib/node_modules/npm/bin/npm-cli.js
1 info using npm@11.19.1
2 info using node@v26.4.0
3 silly config load:file:/data/data/com.termux/files/usr/lib/node_modules/npm/npmrc
4 silly config load:file:/data/data/com.termux/files/home/.npmrc
5 silly config load:file:/data/data/com.termux/files/usr/etc/npmrc
6 verbose title npm exec mudslide send-file --type audio 6281915371190 /sdcard/Download/sirine.mp3
7 verbose argv "exec" "--" "mudslide" "send-file" "--type" "audio" "6281915371190" "/sdcard/Download/sirine.mp3"
8 verbose logfile logs-max:10 dir:/data/data/com.termux/files/home/.npm/_logs/2026-09-17T11_14_16_376Z-
9 verbose logfile /data/data/com.termux/files/home/.npm/_logs/2026-09-17T11_14_16_376Z-debug-0.log
10 silly logfile start cleaning logs, removing 1 files
11 silly logfile done cleaning log files
12 silly packumentCache heap:1174405120 maxSize:293601280 maxEntrySize:146800640
13 http fetch GET 200 https://registry.npmjs.org/mudslide 528ms (cache revalidated)
14 silly packumentCache heap:1174405120 maxSize:293601280 maxEntrySize:146800640
15 silly packumentCache heap:1174405120 maxSize:293601280 maxEntrySize:146800640
16 verbose cwd /data/data/com.termux/files/home
17 verbose os Linux 6.6.89-android15-8-g5a0ffb447c1d-ab13771415-4k
18 verbose node v26.4.0
19 verbose npm  v11.19.1
20 verbose exit 0
21 info ok
